<style>
.spanline {
    background-color: blue;
    position: relative;
    height: 3px;
    margin-left: 0px;
}

.tables {
    position: absolute;
    width: fit-content;
    width: -moz-fit-content;
}

.tables tbody tr:nth-child(even) {
    background-color: lightgray;
}

.tables tbody tr:nth-child(odd) {
    background-color: beige;
}

.tables tbody tr:hover {
    background-color: ivory;
}

.attribute-names-table {
    padding: 6px;
}

.attribute-column {
    padding: 6px;
}

.attribute-names-table tbody tr:nth-child(even) {
    background-color: white;
}

.attribute-names-table tbody tr:nth-child(odd) {
    background-color: white;
}

.attribute-names-table tbody tr:hover {
    background-color: white;
}

.chosen-span {
    border: 2px solid red;
}

.highlighted {
    border: 2px solid red;
}

.alt-tables {
    position: absolute;
    width: fit-content;
    width: -moz-fit-content;
}

.alt-tables tbody tr:nth-child(even) {
    background-color: lightgray;
}

.alt-tables tbody tr:nth-child(odd) {
    background-color: beige;
}

.alt-tables tbody tr:hover {
    background-color: ivory;
}
</style><script>var display= new estnltk.attribute_visualiser.DisplayCell('display',-1,0,0); 
Jupyter.keyboard_manager.disable();
</script><span style=" " class='spandisplay plain-spandisplay' span_info0='[{"attr_1": "SADA", "attr": "L1-0"}]' span_index0='0' span_texts="Sada">Sada</span> <span style=" " class='spandisplay overlapping-spandisplay' span_info0='[{"attr_1": "KAKS", "attr": "L1-1"}]' span_index0='1' span_info1='[{"attr_1": "KAKS", "attr": "L1-2"}, {"attr_1": "KÜMME", "attr": "L1-2"}, {"attr_1": "KAKSKÜMMEND", "attr": "L1-2"}]' span_index1='2' span_texts="kaks,kakskümmend">kaks</span><span style=" " class='spandisplay overlapping-spandisplay' span_info0='[{"attr_1": "KAKS", "attr": "L1-2"}, {"attr_1": "KÜMME", "attr": "L1-2"}, {"attr_1": "KAKSKÜMMEND", "attr": "L1-2"}]' span_index0='2' span_info1='[{"attr_1": "KÜMME", "attr": "L1-3"}]' span_index1='3' span_texts="kakskümmend,kümme">kümme</span><span style=" " class='spandisplay overlapping-spandisplay' span_info0='[{"attr_1": "KAKS", "attr": "L1-2"}, {"attr_1": "KÜMME", "attr": "L1-2"}, {"attr_1": "KAKSKÜMMEND", "attr": "L1-2"}]' span_index0='2' span_texts="kakskümmend">nd</span> <span style=" " class='spandisplay plain-spandisplay' span_info0='[{"attr_1": "KOLM", "attr": "L1-4"}]' span_index0='4' span_texts="kolm">kolm</span>. <span style=" " class='spandisplay plain-spandisplay' span_info0='[{"attr_1": "NELI", "attr": "L1-5"}]' span_index0='5' span_texts="Neli">Neli</span> <span style=" " class='spandisplay plain-spandisplay' span_info0='[{"attr_1": "TUHAT", "attr": "L1-6"}]' span_index0='6' span_texts="tuhat">tuhat</span> <span style=" " class='spandisplay overlapping-spandisplay' span_info0='[{"attr_1": "VIIS", "attr": "L1-7"}]' span_index0='7' span_info1='[{"attr_1": "SADA", "attr": "L1-8"}, {"attr_1": "VIIS", "attr": "L1-8"}, {"attr_1": "VIISSADA", "attr": "L1-8"}]' span_index1='8' span_texts="viis,viissada">viis</span><span style=" " class='spandisplay overlapping-spandisplay' span_info0='[{"attr_1": "SADA", "attr": "L1-8"}, {"attr_1": "VIIS", "attr": "L1-8"}, {"attr_1": "VIISSADA", "attr": "L1-8"}]' span_index0='8' span_info1='[{"attr_1": "SADA", "attr": "L1-9"}]' span_index1='9' span_texts="viissada,sada">sada</span> <span style=" " class='spandisplay overlapping-spandisplay' span_info0='[{"attr_1": "KUUS", "attr": "L1-10"}]' span_index0='10' span_info1='[{"attr_1": "KUUS", "attr": "L1-11"}, {"attr_1": "KÜMME", "attr": "L1-11"}, {"attr_1": "KUUSKÜMMEND", "attr": "L1-11"}]' span_index1='11' span_texts="kuus,kuuskümmend">kuus</span><span style=" " class='spandisplay overlapping-spandisplay' span_info0='[{"attr_1": "KUUS", "attr": "L1-11"}, {"attr_1": "KÜMME", "attr": "L1-11"}, {"attr_1": "KUUSKÜMMEND", "attr": "L1-11"}]' span_index0='11' span_info1='[{"attr_1": "KÜMME", "attr": "L1-12"}]' span_index1='12' span_texts="kuuskümmend,kümme">kümme</span><span style=" " class='spandisplay overlapping-spandisplay' span_info0='[{"attr_1": "KUUS", "attr": "L1-11"}, {"attr_1": "KÜMME", "attr": "L1-11"}, {"attr_1": "KUUSKÜMMEND", "attr": "L1-11"}]' span_index0='11' span_texts="kuuskümmend">nd</span> <span style=" " class='spandisplay plain-spandisplay' span_info0='[{"attr_1": "SEITSE", "attr": "L1-13"}]' span_index0='13' span_texts="seitse">seitse</span> <span style=" " class='spandisplay plain-spandisplay' span_info0='[{"attr_1": "KOMA", "attr": "L1-14"}]' span_index0='14' span_texts="koma">koma</span> <span style=" " class='spandisplay plain-spandisplay' span_info0='[{"attr_1": "KAHEKSA", "attr": "L1-15"}]' span_index0='15' span_texts="kaheksa">kaheksa</span>. <span style=" " class='spandisplay overlapping-spandisplay' span_info0='[{"attr_1": "ÜHEKSA", "attr": "L1-16"}]' span_index0='16' span_info1='[{"attr_1": "ÜHEKSA", "attr": "L1-17"}, {"attr_1": "KÜMME", "attr": "L1-17"}, {"attr_1": "ÜHEKSAKÜMMEND", "attr": "L1-17"}]' span_index1='17' span_texts="Üheksa,Üheksakümmend">Üheksa</span><span style=" " class='spandisplay overlapping-spandisplay' span_info0='[{"attr_1": "ÜHEKSA", "attr": "L1-17"}, {"attr_1": "KÜMME", "attr": "L1-17"}, {"attr_1": "ÜHEKSAKÜMMEND", "attr": "L1-17"}]' span_index0='17' span_info1='[{"attr_1": "KÜMME", "attr": "L1-18"}]' span_index1='18' span_texts="Üheksakümmend,kümme">kümme</span><span style=" " class='spandisplay overlapping-spandisplay' span_info0='[{"attr_1": "ÜHEKSA", "attr": "L1-17"}, {"attr_1": "KÜMME", "attr": "L1-17"}, {"attr_1": "ÜHEKSAKÜMMEND", "attr": "L1-17"}]' span_index0='17' span_texts="Üheksakümmend">nd</span> tuhat.<button onclick="display.export_data('display')">Export data</button>